This is LuaHBTeX, Version 1.24.0 (MiKTeX 26.2) (format=lualatex 2026.5.21)  29 MAY 2026 08:05
 restricted system commands enabled.
**PoincareAlgebra.tex
(./PoincareAlgebra.tex
LaTeX2e <2025-11-01>
L3 programming layer <2026-03-20>
Lua module: luaotfload 2024-12-03 v3.29 Lua based OpenType font support
Lua module: lualibs 2023-07-13 v2.76 ConTeXt Lua standard libraries.
Lua module: lualibs-extended 2023-07-13 v2.76 ConTeXt Lua libraries -- extended 
collection.
luaotfload | conf : Root cache directory is "C:/Users/RAZAFIMAHERY Faneva/AppDat
a/Local/MiKTeX/luatex-cache/generic/names".
luaotfload | init : Loading fontloader "fontloader-2023-12-28.lua" from kpse-res
olved path "C:/Users/RAZAFIMAHERY Faneva/AppData/Local/Programs/MiKTeX/tex/luate
x/luaotfload/fontloader-2023-12-28.lua".
Lua-only attribute luaotfload@noligature = 1
luaotfload | init : Context OpenType loader version 3.134
Inserting `luaotfload.node_processor' in `pre_linebreak_filter'.
Inserting `luaotfload.node_processor' in `hpack_filter'.
Inserting `luaotfload.glyph_stream' in `glyph_stream_provider'.
Inserting `luaotfload.define_font' in `define_font'.
Lua-only attribute luaotfload_color_attribute = 2
luaotfload | conf : Root cache directory is "C:/Users/RAZAFIMAHERY Faneva/AppDat
a/Local/MiKTeX/luatex-cache/generic/names".
Inserting `luaotfload.harf.strip_prefix' in `find_opentype_file'.
Inserting `luaotfload.harf.strip_prefix' in `find_truetype_file'.
Removing  `luaotfload.glyph_stream' from `glyph_stream_provider'.
Inserting `luaotfload.harf.glyphstream' in `glyph_stream_provider'.
Inserting `luaotfload.harf.finalize_vlist' in `post_linebreak_filter'.
Inserting `luaotfload.harf.finalize_hlist' in `hpack_filter'.
Inserting `luaotfload.cleanup_files' in `wrapup_run'.
Inserting `luaotfload.harf.finalize_unicode' in `finish_pdffile'.
Inserting `luaotfload.glyphinfo' in `glyph_info'.
Lua-only attribute luaotfload.letterspace_done = 3
Inserting `luaotfload.aux.set_sscale_dimens' in `luaotfload.patch_font'.
Inserting `luaotfload.aux.set_font_index' in `luaotfload.patch_font'.
Inserting `luaotfload.aux.patch_cambria_domh' in `luaotfload.patch_font'.
Inserting `luaotfload.aux.fixup_fontdata' in `luaotfload.patch_font_unsafe'.
Inserting `luaotfload.aux.set_capheight' in `luaotfload.patch_font'.
Inserting `luaotfload.aux.set_xheight' in `luaotfload.patch_font'.
Inserting `luaotfload.rewrite_fontname' in `luaotfload.patch_font'.
Inserting `tracingstacklevels' in `input_level_string'.
("C:/Users/RAZAFIMAHERY Faneva/AppData/Local/Programs/MiKTeX/tex/latex/base/art
icle.cls"
Document Class: article 2025/01/22 v1.4n Standard LaTeX document class

("C:/Users/RAZAFIMAHERY Faneva/AppData/Local/Programs/MiKTeX/tex/latex/base/siz
e12.clo"
File: size12.clo 2025/01/22 v1.4n Standard LaTeX file (size option)
luaotfload | db : Font names database loaded from C:/Users/RAZAFIMAHERY Faneva/A
ppData/Local/MiKTeX/luatex-cache/generic/names/luaotfload-names.luc.gz)
\c@part=\count273
\c@section=\count274
\c@subsection=\count275
\c@subsubsection=\count276
\c@paragraph=\count277
\c@subparagraph=\count278
\c@figure=\count279
\c@table=\count280
\abovecaptionskip=\skip49
\belowcaptionskip=\skip50
\bibindent=\dimen149
)
("C:/Users/RAZAFIMAHERY Faneva/AppData/Local/Programs/MiKTeX/tex/latex/geometry
/geometry.sty"
Package: geometry 2026/03/07 v6.0 Page Geometry

("C:/Users/RAZAFIMAHERY Faneva/AppData/Local/Programs/MiKTeX/tex/latex/graphics
/keyval.sty"
Package: keyval 2022/05/29 v1.15 key=value parser (DPC)
\KV@toks@=\toks17
)
("C:/Users/RAZAFIMAHERY Faneva/AppData/Local/Programs/MiKTeX/tex/generic/iftex/
ifvtex.sty"
Package: ifvtex 2019/10/25 v1.7 ifvtex legacy package. Use iftex instead.

("C:/Users/RAZAFIMAHERY Faneva/AppData/Local/Programs/MiKTeX/tex/generic/iftex/
iftex.sty"
Package: iftex 2024/12/12 v1.0g TeX engine tests
))
\Gm@cnth=\count281
\Gm@cntv=\count282
\c@Gm@tempcnt=\count283
\Gm@bindingoffset=\dimen150
\Gm@wd@mp=\dimen151
\Gm@odd@mp=\dimen152
\Gm@even@mp=\dimen153
\Gm@layoutwidth=\dimen154
\Gm@layoutheight=\dimen155
\Gm@layouthoffset=\dimen156
\Gm@layoutvoffset=\dimen157
\Gm@dimlist=\toks18

("C:/Users/RAZAFIMAHERY Faneva/AppData/Local/Programs/MiKTeX/tex/latex/geometry
/geometry.cfg"))
("C:/Users/RAZAFIMAHERY Faneva/AppData/Local/Programs/MiKTeX/tex/latex/amsmath/
amsmath.sty"
Package: amsmath 2025/07/09 v2.17z AMS math features
\@mathmargin=\skip51

For additional information on amsmath, use the `?' option.

("C:/Users/RAZAFIMAHERY Faneva/AppData/Local/Programs/MiKTeX/tex/latex/amsmath/
amstext.sty"
Package: amstext 2024/11/17 v2.01 AMS text

("C:/Users/RAZAFIMAHERY Faneva/AppData/Local/Programs/MiKTeX/tex/latex/amsmath/
amsgen.sty"
File: amsgen.sty 1999/11/30 v2.0 generic functions
\@emptytoks=\toks19
\ex@=\dimen158
))
("C:/Users/RAZAFIMAHERY Faneva/AppData/Local/Programs/MiKTeX/tex/latex/amsmath/
amsbsy.sty"
Package: amsbsy 1999/11/29 v1.2d Bold Symbols
\pmbraise@=\dimen159
)
("C:/Users/RAZAFIMAHERY Faneva/AppData/Local/Programs/MiKTeX/tex/latex/amsmath/
amsopn.sty"
Package: amsopn 2022/04/08 v2.04 operator names
)
\inf@bad=\count284
LaTeX Info: Redefining \frac on input line 235.
\uproot@=\count285
\leftroot@=\count286
LaTeX Info: Redefining \overline on input line 398.
LaTeX Info: Redefining \colon on input line 409.
\classnum@=\count287
\DOTSCASE@=\count288
LaTeX Info: Redefining \ldots on input line 495.
LaTeX Info: Redefining \dots on input line 498.
LaTeX Info: Redefining \cdots on input line 619.
\Mathstrutbox@=\box53
\strutbox@=\box54
LaTeX Info: Redefining \big on input line 721.
LaTeX Info: Redefining \Big on input line 722.
LaTeX Info: Redefining \bigg on input line 723.
LaTeX Info: Redefining \Bigg on input line 724.
\big@size=\dimen160
LaTeX Font Info:    Redeclaring font encoding OML on input line 742.
LaTeX Font Info:    Redeclaring font encoding OMS on input line 743.
\macc@depth=\count289
LaTeX Info: Redefining \bmod on input line 904.
LaTeX Info: Redefining \pmod on input line 909.
LaTeX Info: Redefining \smash on input line 939.
LaTeX Info: Redefining \relbar on input line 969.
LaTeX Info: Redefining \Relbar on input line 970.
\c@MaxMatrixCols=\count290
\dotsspace@=\muskip17
\c@parentequation=\count291
\dspbrk@lvl=\count292
\tag@help=\toks20
\row@=\count293
\column@=\count294
\maxfields@=\count295
\andhelp@=\toks21
\eqnshift@=\dimen161
\alignsep@=\dimen162
\tagshift@=\dimen163
\tagwidth@=\dimen164
\totwidth@=\dimen165
\lineht@=\dimen166
\@envbody=\toks22
\multlinegap=\skip52
\multlinetaggap=\skip53
\mathdisplay@stack=\toks23
LaTeX Info: Redefining \[ on input line 2950.
LaTeX Info: Redefining \] on input line 2951.
)
("C:/Users/RAZAFIMAHERY Faneva/AppData/Local/Programs/MiKTeX/tex/latex/amsfonts
/amssymb.sty"
Package: amssymb 2013/01/14 v3.01 AMS font symbols

("C:/Users/RAZAFIMAHERY Faneva/AppData/Local/Programs/MiKTeX/tex/latex/amsfonts
/amsfonts.sty"
Package: amsfonts 2013/01/14 v3.01 Basic AMSFonts support
\symAMSa=\mathgroup4
\symAMSb=\mathgroup5
LaTeX Font Info:    Redeclaring math symbol \hbar on input line 98.
LaTeX Font Info:    Overwriting math alphabet `\mathfrak' in version `bold'
(Font)                  U/euf/m/n --> U/euf/b/n on input line 106.
))
("C:/Users/RAZAFIMAHERY Faneva/AppData/Local/Programs/MiKTeX/tex/latex/amscls/a
msthm.sty"
Package: amsthm 2020/05/29 v2.20.6
\thm@style=\toks24
\thm@bodyfont=\toks25
\thm@headfont=\toks26
\thm@notefont=\toks27
\thm@headpunct=\toks28
\thm@preskip=\skip54
\thm@postskip=\skip55
\thm@headsep=\skip56
\dth@everypar=\toks29
)
("C:/Users/RAZAFIMAHERY Faneva/AppData/Local/Programs/MiKTeX/tex/latex/mathtool
s/mathtools.sty"
Package: mathtools 2024/10/04 v1.31 mathematical typesetting tools

("C:/Users/RAZAFIMAHERY Faneva/AppData/Local/Programs/MiKTeX/tex/latex/tools/ca
lc.sty"
Package: calc 2025/03/01 v4.3b Infix arithmetic (KKT,FJ)
\calc@Acount=\count296
\calc@Bcount=\count297
\calc@Adimen=\dimen167
\calc@Bdimen=\dimen168
\calc@Askip=\skip57
\calc@Bskip=\skip58
LaTeX Info: Redefining \setlength on input line 86.
LaTeX Info: Redefining \addtolength on input line 87.
\calc@Ccount=\count298
\calc@Cskip=\skip59
)
("C:/Users/RAZAFIMAHERY Faneva/AppData/Local/Programs/MiKTeX/tex/latex/mathtool
s/mhsetup.sty"
Package: mhsetup 2021/03/18 v1.4 programming setup (MH)
)
\g_MT_multlinerow_int=\count299
\l_MT_multwidth_dim=\dimen169
\origjot=\skip60
\l_MT_shortvdotswithinadjustabove_dim=\dimen170
\l_MT_shortvdotswithinadjustbelow_dim=\dimen171
\l_MT_above_intertext_sep=\dimen172
\l_MT_below_intertext_sep=\dimen173
\l_MT_above_shortintertext_sep=\dimen174
\l_MT_below_shortintertext_sep=\dimen175
\xmathstrut@box=\box55
\xmathstrut@dim=\dimen176
)
("C:/Users/RAZAFIMAHERY Faneva/AppData/Local/Programs/MiKTeX/tex/latex/graphics
/graphicx.sty"
Package: graphicx 2024/12/31 v1.2e Enhanced LaTeX Graphics (DPC,SPQR)

("C:/Users/RAZAFIMAHERY Faneva/AppData/Local/Programs/MiKTeX/tex/latex/graphics
/graphics.sty"
Package: graphics 2024/08/06 v1.4g Standard LaTeX Graphics (DPC,SPQR)

("C:/Users/RAZAFIMAHERY Faneva/AppData/Local/Programs/MiKTeX/tex/latex/graphics
/trig.sty"
Package: trig 2023/12/02 v1.11 sin cos tan (DPC)
)
("C:/Users/RAZAFIMAHERY Faneva/AppData/Local/Programs/MiKTeX/tex/latex/graphics
-cfg/graphics.cfg"
File: graphics.cfg 2016/06/04 v1.11 sample graphics configuration
)
Package graphics Info: Driver file: luatex.def on input line 106.

("C:/Users/RAZAFIMAHERY Faneva/AppData/Local/Programs/MiKTeX/tex/latex/graphics
-def/luatex.def"
File: luatex.def 2025/09/29 v1.2f Graphics/color driver for luatex
))
\Gin@req@height=\dimen177
\Gin@req@width=\dimen178
)
("C:/Users/RAZAFIMAHERY Faneva/AppData/Local/Programs/MiKTeX/tex/latex/l3backen
d/l3backend-luatex.def"
File: l3backend-luatex.def 2026-02-18 L3 backend support: PDF output (LuaTeX)
\l__color_backend_stack_int=\count300
Inserting `l3color' in `luaotfload.parse_color'.) (./PoincareAlgebra.aux)
\openout1 = PoincareAlgebra.aux

LaTeX Font Info:    Checking defaults for OML/cmm/m/it on input line 18.
LaTeX Font Info:    ... okay on input line 18.
LaTeX Font Info:    Checking defaults for OMS/cmsy/m/n on input line 18.
LaTeX Font Info:    ... okay on input line 18.
LaTeX Font Info:    Checking defaults for OT1/cmr/m/n on input line 18.
LaTeX Font Info:    ... okay on input line 18.
LaTeX Font Info:    Checking defaults for T1/cmr/m/n on input line 18.
LaTeX Font Info:    ... okay on input line 18.
LaTeX Font Info:    Checking defaults for TS1/cmr/m/n on input line 18.
LaTeX Font Info:    ... okay on input line 18.
LaTeX Font Info:    Checking defaults for TU/lmr/m/n on input line 18.
LaTeX Font Info:    ... okay on input line 18.
LaTeX Font Info:    Checking defaults for OMX/cmex/m/n on input line 18.
LaTeX Font Info:    ... okay on input line 18.
LaTeX Font Info:    Checking defaults for U/cmr/m/n on input line 18.
LaTeX Font Info:    ... okay on input line 18.

*geometry* driver: auto-detecting
*geometry* detected driver: luatex
*geometry* verbose mode - [ preamble ] result:
* driver: luatex
* paper: a4paper
* layout: <same size as paper>
* layoutoffset:(h,v)=(0.0pt,0.0pt)
* modes: 
* h-part:(L,W,R)=(28.45274pt, 540.60239pt, 28.45274pt)
* v-part:(T,H,B)=(28.45274pt, 773.91498pt, 42.67912pt)
* \paperwidth=597.50787pt
* \paperheight=845.04684pt
* \textwidth=540.60239pt
* \textheight=773.91498pt
* \oddsidemargin=-43.81725pt
* \evensidemargin=-43.81725pt
* \topmargin=-80.81725pt
* \headheight=12.0pt
* \headsep=25.0pt
* \topskip=12.0pt
* \footskip=30.0pt
* \marginparwidth=35.0pt
* \marginparsep=10.0pt
* \columnsep=10.0pt
* \skip\footins=10.8pt plus 4.0pt minus 2.0pt
* \hoffset=0.0pt
* \voffset=0.0pt
* \mag=1000
* \@twocolumnfalse
* \@twosidefalse
* \@mparswitchfalse
* \@reversemarginfalse
* (1in=72.27pt=25.4mm, 1cm=28.453pt)


("C:/Users/RAZAFIMAHERY Faneva/AppData/Local/Programs/MiKTeX/tex/context/base/m
kii/supp-pdf.mkii"
[Loading MPS to PDF converter (version 2006.09.02).]
\scratchcounter=\count301
\scratchdimen=\dimen179
\scratchbox=\box56
\nofMPsegments=\count302
\nofMParguments=\count303
\everyMPshowfont=\toks30
\MPscratchCnt=\count304
\MPscratchDim=\dimen180
\MPnumerator=\count305
\makeMPintoPDFobject=\count306
\everyMPtoPDFconversion=\toks31
)
("C:/Users/RAZAFIMAHERY Faneva/AppData/Local/Programs/MiKTeX/tex/latex/epstopdf
-pkg/epstopdf-base.sty"
Package: epstopdf-base 2020-01-24 v2.11 Base part for package epstopdf
Package epstopdf-base Info: Redefining graphics rule for `.eps' on input line 4
85.

("C:/Users/RAZAFIMAHERY Faneva/AppData/Local/Programs/MiKTeX/tex/latex/00miktex
/epstopdf-sys.cfg"
File: epstopdf-sys.cfg 2021/03/18 v2.0 Configuration of epstopdf for MiKTeX
))
LaTeX Font Info:    Trying to load font information for U+msa on input line 20.


("C:/Users/RAZAFIMAHERY Faneva/AppData/Local/Programs/MiKTeX/tex/latex/amsfonts
/umsa.fd"
File: umsa.fd 2013/01/14 v3.01 AMS symbols A
)
LaTeX Font Info:    Trying to load font information for U+msb on input line 20.


("C:/Users/RAZAFIMAHERY Faneva/AppData/Local/Programs/MiKTeX/tex/latex/amsfonts
/umsb.fd"
File: umsb.fd 2013/01/14 v3.01 AMS symbols B
) [1

{C:/Users/RAZAFIMAHERY Faneva/AppData/Local/MiKTeX/fonts/map/pdftex/pdftex.map}]
Overfull \hbox (23.92899pt too wide) detected at line 167
[]
 []

[2] [3] [4] [5] (./PoincareAlgebra.aux)
 ***********
LaTeX2e <2025-11-01>
L3 programming layer <2026-03-20>
 ***********
)

Here is how much of LuaTeX's memory you used:
 3904 strings out of 475900
 100000,460012 words of node,token memory allocated
 648 words of node memory still in use:
   6 hlist, 2 vlist, 2 rule, 2 glue, 4 kern, 1 glyph, 42 attribute, 56 glue_spec
, 42 attribute_list, 1 write nodes
   avail lists: 2:1041,3:137,4:8,5:679,6:24,7:4005,8:87,9:1389,10:7,11:159
 26481 multiletter control sequences out of 65536+600000
 77 fonts using 5126463 bytes
 57i,20n,62p,360b,293s stack positions out of 10000i,1000n,20000p,200000b,200000s
<c:/users/razafimahery faneva/appdata/local/programs/miktex/fonts/opentype/publi
c/lm/lmroman12-bold.otf><c:/users/razafimahery faneva/appdata/local/programs/mik
tex/fonts/opentype/public/lm/lmroman10-regular.otf><c:/users/razafimahery faneva
/appdata/local/programs/miktex/fonts/opentype/public/lm/lmroman10-bold.otf><c:/u
sers/razafimahery faneva/appdata/local/programs/miktex/fonts/opentype/public/lm/
lmroman12-regular.otf><c:/users/razafimahery faneva/appdata/local/programs/mikte
x/fonts/opentype/public/lm/lmroman17-regular.otf><C:/Users/RAZAFIMAHERY Faneva/A
ppData/Local/Programs/MiKTeX/fonts/type1/public/amsfonts/cm/cmmi10.pfb><C:/Users
/RAZAFIMAHERY Faneva/AppData/Local/Programs/MiKTeX/fonts/type1/public/amsfonts/c
m/cmmi12.pfb><C:/Users/RAZAFIMAHERY Faneva/AppData/Local/Programs/MiKTeX/fonts/t
ype1/public/amsfonts/cm/cmmi8.pfb><C:/Users/RAZAFIMAHERY Faneva/AppData/Local/Pr
ograms/MiKTeX/fonts/type1/public/amsfonts/cm/cmr10.pfb><C:/Users/RAZAFIMAHERY Fa
neva/AppData/Local/Programs/MiKTeX/fonts/type1/public/amsfonts/cm/cmr12.pfb><C:/
Users/RAZAFIMAHERY Faneva/AppData/Local/Programs/MiKTeX/fonts/type1/public/amsfo
nts/cm/cmr17.pfb><C:/Users/RAZAFIMAHERY Faneva/AppData/Local/Programs/MiKTeX/fon
ts/type1/public/amsfonts/cm/cmr8.pfb><C:/Users/RAZAFIMAHERY Faneva/AppData/Local
/Programs/MiKTeX/fonts/type1/public/amsfonts/cm/cmsy10.pfb>
Output written on PoincareAlgebra.pdf (5 pages, 117475 bytes).

PDF statistics: 85 PDF objects out of 1000 (max. 8388607)
 0 named destinations out of 1000 (max. 1048576)
 1 words of extra memory for PDF output out of 10000 (max. 100000000)

